Script started on 2026-05-18 02:32:32+03:00 [TERM="xterm-256color" TTY="/dev/pts/0" COLUMNS="120" LINES="30"]
0;bamperamp@DESKTOP-7IPSMTS: ~
bamperamp@DESKTOP-7IPSMTS:~$ nano info.sh
>0;bamperamp@DESKTOP-7IPSMTS: ~riting... ] [ Wrote 6 lines ]                                                             Y Yes        
bamperamp@DESKTOP-7IPSMTS:~$ chmod d +x info.sh
0;bamperamp@DESKTOP-7IPSMTS: ~
cleanexiapropos disfree spacdf maman ddf -exisleep 300 pgrep sleekill 524pgrep sleeexinano info.schmod +xaapropos free spacdisexicleagrep "install" /var/log/apt/history.lo-E "^(Start-Date|Install)











~/info.sh
bamperamp
/home/bamperamp

13 13 133
0;bamperamp@DESKTOP-7IPSMTS: ~
bamperamp@DESKTOP-7IPSMTS:~$ ~/info.schmod +x info.snano
>0;bamperamp@DESKTOP-7IPSMTS: ~riting... ] [ Wrote 6 lines ]                                                             Y Yes                          
bamperamp@DESKTOP-7IPSMTS:~$ nano info.s~/info.sh
bamperamp
/home/bamperamp
Mon May 18 02:37:05 MSK 2026
13 13 133
0;bamperamp@DESKTOP-7IPSMTS: ~
bamperamp@DESKTOP-7IPSMTS:~$ exit
exit

Script done on 2026-05-18 02:37:23+03:00 [COMMAND_EXIT_CODE="0"]
